ak1lmpmap1:mesmosM:/app_logs/mesmosM/RULEmgr> zgrep 09810857_44809 RULEmgrlog.2026062421.gz
26/06/24 21:41:27.415 [/mos/mesmosM/mos11/RULEmgr:LTHD:09810857_44809] [INFO ] : RCRQ : SPID="2659799"  NAME="RULE_MIX_SLVN_INPUT" ID="09810857_44809" BODY={ Header={ SourceSubject="/INB02/S050/TC11/MOS/IMC01HDM0200" TargetSubject="/INB02/S050/MOS11/RULEmgr" TransactionID="09810857_44809" SourceIPAddress="105.101.100.85" Language="ENG" Passport="@" } Body={ FCT_ID="INB02" USER_ID="24601623" FUNC_SEG="2" EQP_ID="IMC01HDM0200" MAIN_EQP_ID="IMC01HDM0200" SUB_EQP_ID="" ADDR="17300" EVENT_TIME="20260624214126" LOT_ID="I11CMP26062408" MODE="AUTO" QTY="10132" SYSTEM_TYPE="TC" EVENT_TIME_STAMP="20260624214127412" } }
26/06/24 21:41:27.416 [/mos/mesmosM/mos11/RULEmgr:messageConverterDispatcher] [INFO ] : inbound session created. [Session Id : RULE_MIX_SLVN_INPUT<Body><FCT_ID>INB02</FCT_ID><USER_ID>24601623</USER_ID><FUNC_SEG>2</FUNC_SEG><EQP_ID>IMC01HDM0200</EQP_ID><MAIN_EQP_ID>IMC01HDM0200</MAIN_EQP_ID><SUB_EQP_ID /><ADDR>17300</ADDR><EVENT_TIME>20260624214126</EVENT_TIME><LOT_ID>I11CMP26062408</LOT_ID><MODE>AUTO</MODE><QTY>10132</QTY><SYSTEM_TYPE>TC</SYSTEM_TYPE><EVENT_TIME_STAMP>20260624214127412</EVENT_TIME_STAMP></Body>, Token Id : 09810857_44809]
26/06/24 21:41:27.416 [/mos/mesmosM/mos11/RULEmgr:messageConverterDispatcher] [INFO ] : Message was inserted into queue. [Dispatcher : messageDispatcher, Queue : 1/1000, NAME : RULE_MIX_SLVN_INPUT, ID : 09810857_44809]
26/06/24 21:41:27.416 [/mos/mesmosM/mos11/RULEmgr:messageDispatcher] [INFO ] : Message was inserted into queue. [Dispatcher : THD-35, Queue : 1/1000, NAME : RULE_MIX_SLVN_INPUT, ID : 09810857_44809]
26/06/24 21:41:27.416 [/mos/mesmosM/mos11/RULEmgr:THD-35:09810857_44809] [INFO ] : MessageCommand RULE_MIX_SLVN_INPUT is Using txTemplate
26/06/24 21:41:27.416 [/mos/mesmosM/mos11/RULEmgr:THD-35:09810857_44809] [INFO ] : starting transaction with PROPAGATION_REQUIRED,ISOLATION_DEFAULT
26/06/24 21:41:27.417 [/mos/mesmosM/mos11/RULEmgr:THD-35:09810857_44809] [INFO ] : Start of Initial Action
26/06/24 21:41:27.417 [/mos/mesmosM/mos11/RULEmgr:THD-35:09810857_44809] [INFO ] : Preparing connection QMSDB
26/06/24 21:41:27.417 [/mos/mesmosM/mos11/RULEmgr:THD-35:09810857_44809] [INFO ] : Start of Dispatching Action
26/06/24 21:41:27.417 [/mos/mesmosM/mos11/RULEmgr:THD-35:09810857_44809] [INFO ] : selectQuery() select SYSTIMESTAMP EVENT_TIMESTAMP from dual {executed in 0 msec, 1 rows selected}
26/06/24 21:41:27.417 [/mos/mesmosM/mos11/RULEmgr:THD-35:09810857_44809] [INFO ] : selectQueries() SELECT * FROM LM_EQP_USER WHERE 1=1 AND FCT_ID = 'INB02' AND EQP_ID = 'IMC01HDM0200'  {executed in 0 msec, 1 rows selected}
26/06/24 21:41:27.417 [/mos/mesmosM/mos11/RULEmgr:THD-35:09810857_44809] [INFO ] : selectQueries() SELECT I_USER, I_DEPART FROM ZSMASA04 WHERE I_EMPLOYEE='M240223202436PEZ8023' AND F_RETIRE='N' AND F_DELETE='O' ORDER BY REGEXP_INSTR(F_OPT_02,'.sdi$') FETCH FIRST 1 ROW ONLY {executed in 0 msec, 0 rows selected}
26/06/24 21:41:27.417 [/mos/mesmosM/mos11/RULEmgr:THD-35:09810857_44809] [INFO ] : === [RuleMixSlvnInputInitialAction] Begin ===
26/06/24 21:41:27.417 [/mos/mesmosM/mos11/RULEmgr:THD-35:09810857_44809] [INFO ] : === [RuleMixSlvnInputInitialAction] End ===
26/06/24 21:41:27.417 [/mos/mesmosM/mos11/RULEmgr:THD-35:09810857_44809] [INFO ] : === [RuleMixSlvnInputNmpInputEnd] Begin ===
26/06/24 21:41:27.418 [/mos/mesmosM/mos11/RULEmgr:THD-35:09810857_44809] [INFO ] : selectQueries()  SELECT *  FROM mc_eqp_spec WHERE EQP_ID = 'IMC01HDM0200' {executed in 1 msec, 1 rows selected}
26/06/24 21:41:27.418 [/mos/mesmosM/mos11/RULEmgr:THD-35:09810857_44809] [INFO ] : selectQueries() SELECT * FROM MD_GCM_DATA WHERE FCT_ID = 'INB02' AND TABLE_NAME = 'MIX_NMP_MAPP' AND KEY1_VALUE = 'IMC01HDM0200' AND USE_YN = 'Y'  {executed in 0 msec, 1 rows selected}
26/06/24 21:41:27.418 [/mos/mesmosM/mos11/RULEmgr:THD-35:09810857_44809] [INFO ] : selectQueries()  SELECT *  FROM mc_eqp_spec WHERE EQP_ID = 'IMC01NTK0101' {executed in 0 msec, 1 rows selected}
26/06/24 21:41:27.418 [/mos/mesmosM/mos11/RULEmgr:THD-35:09810857_44809] [INFO ] : selectQueries() SELECT * FROM MD_EQP_STEP WHERE FCT_ID = 'INB02' and EQP_ID = 'IMC01NTK0101' and ROWNUM <= 1 {executed in 0 msec, 1 rows selected}
26/06/24 21:41:27.419 [/mos/mesmosM/mos11/RULEmgr:THD-35:09810857_44809] [INFO ] : selectQueries()  SELECT *  FROM mc_eqp_spec WHERE EQP_ID = 'IMC01HDM0200' {executed in 1 msec, 1 rows selected}
26/06/24 21:41:27.419 [/mos/mesmosM/mos11/RULEmgr:THD-35:09810857_44809] [INFO ] : selectQueries() SELECT * FROM MD_EQP_STEP WHERE FCT_ID = 'INB02' and EQP_ID = 'IMC01HDM0200' and ROWNUM <= 1 {executed in 0 msec, 1 rows selected}
26/06/24 21:41:27.419 [/mos/mesmosM/mos11/RULEmgr:THD-35:09810857_44809] [INFO ] : selectQueries() WITH PARAM AS ( SELECT 'INB02' AS FCT_ID , 'RULE_MIX_SLVN_INPUT' AS KEY1_VALUE , '*' AS KEY2_VALUE , '*' AS KEY3_VALUE , '*' AS KEY4_VALUE , 'N' AS KEY5_VALUE , 'QTY' AS KEY6_VALUE FROM DUAL ) SELECT DATA1, DATA2 FROM ( SELECT * FROM MD_GCM_DATA DATA, PARAM PARAM WHERE DATA.FCT_ID = PARAM.FCT_ID AND TABLE_NAME = 'EQP_CHG_DATA_DIGITS' AND DATA.FCT_ID = PARAM.FCT_ID AND DATA.KEY1_VALUE = PARAM.KEY1_VALUE AND DATA.KEY2_VALUE = PARAM.KEY2_VALUE AND DATA.KEY3_VALUE = PARAM.KEY3_VALUE AND DATA.KEY4_VALUE = PARAM.KEY4_VALUE AND DATA.KEY5_VALUE = PARAM.KEY5_VALUE AND DATA.KEY6_VALUE = PARAM.KEY6_VALUE UNION ALL SELECT * FROM MD_GCM_DATA DATA, PARAM PARAM WHERE DATA.FCT_ID = PARAM.FCT_ID AND TABLE_NAME = 'EQP_CHG_DATA_DIGITS' AND DATA.FCT_ID = PARAM.FCT_ID AND DATA.KEY1_VALUE = PARAM.KEY1_VALUE AND DATA.KEY2_VALUE = '*' AND DATA.KEY3_VALUE = '*' AND DATA.KEY4_VALUE = '*' AND DATA.KEY5_VALUE = '*' AND DATA.KEY6_VALUE = PARAM.KEY6_VALUE ) WHERE ROWNUM = 1  {executed in 0 msec, 1 rows selected}
26/06/24 21:41:27.419 [/mos/mesmosM/mos11/RULEmgr:THD-35:09810857_44809] [INFO ] : selectQueries()  SELECT *  FROM mc_eqp_spec WHERE EQP_ID = 'IMC01HDM0200' {executed in 0 msec, 1 rows selected}
26/06/24 21:41:27.419 [/mos/mesmosM/mos11/RULEmgr:THD-35:09810857_44809] [INFO ] : selectQueries() SELECT * FROM MD_EQP_STEP WHERE FCT_ID = 'INB02' and EQP_ID = 'IMC01HDM0200' and ROWNUM <= 1 {executed in 0 msec, 1 rows selected}
26/06/24 21:41:27.420 [/mos/mesmosM/mos11/RULEmgr:THD-35:09810857_44809] [INFO ] : selectQuery() SELECT COUNT(*) AS COUNT FROM MC_PROD_SPEC A, MC_LOT B WHERE A.FCT_ID = B.CUR_FCT_ID AND A.PROD_ID = B.PROD_ID AND A.FCT_ID = 'INB02' AND A.ERP_PROD_ABR_NAME = 'MIX_JC'AND B.LOT_ID = 'I11CMP26062408'  {executed in 1 msec, 1 rows selected}
26/06/24 21:41:27.420 [/mos/mesmosM/mos11/RULEmgr:THD-35:09810857_44809] [INFO ] : selectQueries()  SELECT OBJECT_ID, STEP_ID, BOM_SEQ, STEP_LAGE_GROUP_ID, STEP_MID_GROUP_ID, SHOP_ID, LINE_GROUP_ID, STEP_GROUP_ID, LAGE_STEP_ID, FCT_ID, WO_CTGR_CODE, USE_UNIT_CODE, STEP_TYPE, LOT_TYPE, FRMT_STEP_TYPE, PHASE_TYPE, PLATE_TYPE, STEP_MPN_TYPE, STEP_STD_CAPA, DESCRIPT, PRTL_YN, VSBL_YN, SHIP_POSBLT_YN, KOR_STEP_NAME, ENG_STEP_NAME, CHI_STEP_NAME, VIE_STEP_NAME, THA_STEP_NAME, EXT_STEP_NAME, HUN_STEP_NAME, STEP_ABR_NAME, UNIT_NAME, SAP_STEP_ID, DISPLY_SEQ, EVENT_CNT, KEY_HIST_SEQ, SAP_IF_YN, SAP_STEP_YN, PARENT_STEP_ID, MAIN_STEP_YN, AUTO_TKIN_YN, STEP_RULE_TYPE, REV_STATUS_CODE, ACTI_NAME, ORIGIN_ACTI_NAME, REASON_CODE, EVENT_DATE, EVENT_COMMENT, EVENT_DESCRIPT, CREATE_DATE, CREATE_USER_ID, UPDATE_DATE, UPDATE_USER_ID, BEFORE_STEP_ID, AUTO_TKOUT_YN, TKIN_SKIP_YN, STAY_YN, MDL_ASSY_SAP_STEP_YN, DISPLY_YN, UPPER_STEP_ID, PKG_STEP_YN, CERT_DEPT_CODE, CERT_EQP_LOC_CODE, CDG_STEP_SEQ, INSP_FILE_EXIST_YN, STEP_GROUP_CODE, UPPER_STEP_TYPE, STEP_SER_NO FROM mc_intgr_step WHERE STEP_ID = '1180' AND FCT_ID = 'INB02' {executed in 0 msec, 1 rows selected}
26/06/24 21:41:27.422 [/mos/mesmosM/mos11/RULEmgr:THD-35:09810857_44809] [INFO ] : selectQueries() SELECT * FROM LM_EQP_CONSUM WHERE FCT_ID = 'INB02' AND EUNIT_ID = 'IMC01NTK0101' AND CMPL_YN <> 'Y' AND RMNG_QTY > 0 ORDER BY CREATE_TIME ASC FOR UPDATE  {executed in 2 msec, 0 rows selected}
26/06/24 21:41:27.422 [/mos/mesmosM/mos11/RULEmgr:THD-35:09810857_44809] [INFO ] : selectQueries()  SELECT *  FROM MD_MSG WHERE MSG_ID = 'EIS-0504' {executed in 0 msec, 1 rows selected}
26/06/24 21:41:27.422 [/mos/mesmosM/mos11/RULEmgr:THD-35:09810857_44809] [ERROR] : EIS-0504: Material qty is 0. [EQP_ID=IMC01NTK0101]
26/06/24 21:41:27.422 [/mos/mesmosM/mos11/RULEmgr:THD-35:09810857_44809] [ERROR] : ========Error Info==============
26/06/24 21:41:27.422 [/mos/mesmosM/mos11/RULEmgr:THD-35:09810857_44809] [ERROR] : #.trace info : 1.class name : (mos.rule.function.MixTransferFunc.java) 2.file name : (MixTransferFunc.java:2177), 3.method name : moveNmpConsumQty
26/06/24 21:41:27.422 [/mos/mesmosM/mos11/RULEmgr:THD-35:09810857_44809] [ERROR] : #.trace info : 1.class name : (message.rule.consum.rule_mix_slvn_input.RuleMixSlvnInputFunc.java) 2.file name : (RuleMixSlvnInputFunc.java:156), 3.method name : saveNMPInputEnd
26/06/24 21:41:27.422 [/mos/mesmosM/mos11/RULEmgr:THD-35:09810857_44809] [ERROR] : #.trace info : 1.class name : (message.rule.consum.rule_mix_slvn_input.RuleMixSlvnInputNmpInputEnd.java) 2.file name : (RuleMixSlvnInputNmpInputEnd.java:65), 3.method name : execute
26/06/24 21:41:27.422 [/mos/mesmosM/mos11/RULEmgr:THD-35:09810857_44809] [ERROR] : ================================
26/06/24 21:41:27.422 [/mos/mesmosM/mos11/RULEmgr:THD-35:09810857_44809] [INFO ] : EqpFunc.makeInterlock(service,req,rep,false)
26/06/24 21:41:27.422 [/mos/mesmosM/mos11/RULEmgr:THD-35:09810857_44809] [INFO ] : update() rollback {executed in 0 msec, 0 rows updated}
26/06/24 21:41:27.423 [/mos/mesmosM/mos11/RULEmgr:THD-35:09810857_44809] [INFO ] : update() commit {executed in 1 msec, 0 rows updated}
26/06/24 21:41:27.423 [/mos/mesmosM/mos11/RULEmgr:THD-35:09810857_44809] [INFO ] : ==== saveLotAlarm(mos.exception.AssertException, EIS-0504: Material qty is 0. [EQP_ID=IMC01NTK0101]) ====
26/06/24 21:41:27.423 [/mos/mesmosM/mos11/RULEmgr:THD-35:09810857_44809] [INFO ] : selectQueries()  SELECT *  FROM mc_lot WHERE LOT_ID = 'I11CMP26062408' {executed in 0 msec, 1 rows selected}
26/06/24 21:41:27.423 [/mos/mesmosM/mos11/RULEmgr:THD-35:09810857_44809] [INFO ] : update() rollback {executed in 0 msec, 0 rows updated}
26/06/24 21:41:27.424 [/mos/mesmosM/mos11/RULEmgr:THD-35:09810857_44809] [INFO ] : insert() INSERT INTO WM_LOTALARM (LOT_ID, EQP_ID, RCV_OBJECT_ID, TIMESTAMP, CTGR, ERR_TYPE, ERR_CODE, PROC_ID, PROC_VER, STEP_ID, STEP_SEQ, AREA_NAME, BAY_NAME, ERR_MSG, NOTE, DSPL_YN, OWNER, CARR_ID, MSG_NAME, RETURN_MSG, REEL_ID, SUB_EQP_ID, DB_ERR_MSG) VALUES ('I11CMP26062408','IMC01HDM0200','996a8af026175214127.airXv2$5Q3rbqVkE$yLhZZ','20260624214127','TC','AssertException','EIS-0504','U_CATHODE_MIXING','1','1180','1180.1','','','EIS-0504: Material qty is 0. [EQP_ID=IMC01NTK0101]','null','Y','RULEmgr','','RULE_MIX_SLVN_INPUT','<?xml version="1.0" encoding="UTF-8"?>
        <TransactionID>09810857_44809</TransactionID>
26/06/24 21:41:27.424 [/mos/mesmosM/mos11/RULEmgr:THD-35:09810857_44809] [INFO ] : update() commit {executed in 0 msec, 0 rows updated}
26/06/24 21:41:27.424 [/mos/mesmosM/mos11/RULEmgr:THD-35:09810857_44809] [INFO ] : SEND :  NAME="RULE_MIX_SLVN_INPUT_REP" ID="09810857_44809" BODY={ Header={ SourceSubject="/INB02/S050/MOS11/RULEmgr" TargetSubject="/INB02/S050/TC11/MOS/IMC01HDM0200" TransactionID="09810857_44809" SourceIPAddress="105.101.100.81" Language="ENG" Passport="@" } Body={ MAIN_EQP_ID="IMC01HDM0200" EQP_ID="IMC01HDM0200" LOT_ID="I11CMP26062408" ADDR="17300" EVENT_TIME_STAMP="20260624214127412" SYSTEM_TYPE="TC" } ReturnSet={ ReturnStatus="FAIL" ReturnCode="EIS-0504" ReturnMessage="EIS-0504: Material qty is 0. [EQP_ID=IMC01NTK0101]" ReturnEngMessage="EIS-0504: Material qty is 0. [EQP_ID=IMC01NTK0101]" } }
26/06/24 21:41:27.425 [/mos/mesmosM/mos11/RULEmgr:THD-35:09810857_44809] [INFO ] : StopAgent has been called : null
26/06/24 21:41:27.425 [/mos/mesmosM/mos11/RULEmgr:THD-35:09810857_44809] [INFO ] : SERP : End Process RULE_MIX_SLVN_INPUT <FAIL_StopAgent> (9 msec)
